
> azul-gestion@0.1.0 dev
> next dev

▲ Next.js 16.3.0 (Turbopack)
- Local:         http://localhost:3000
- Network:       http://192.168.1.76:3000
- Environments: .env.local
✓ Ready in 1063ms
node.exe : ⚠ Warning: Next.js ignored package-lock.json in C:\Users\nqair because it is outside the current Git 
repository (C:\Users\nqair\OneDrive\Bureau\azul-gestion).
Au caractère Ligne:1 : 1
+ & "C:\Program Files\nodejs/node.exe" "C:\Program Files\nodejs/node_mo ...
+ ~~~~~~~~~~~~~~~~~~~~~~~~~~~~~~~~~~~~~~~~~~~~~~~~~~~~~~~~~~~~~~~~~~~~~
    + CategoryInfo          : NotSpecified: (⚠ Warning: Next...\azul-gestion).:String) [], RemoteException
    + FullyQualifiedErrorId : NativeCommandError
 
 To use this directory, set `turbopack.root` in your Next.js config.

✓ Running next.config.ts took 69ms

 GET /login 200 in 828ms (next.js: 465ms, application-code: 363ms)
✓ Compiled in 314ms
 GET /login 200 in 383ms (next.js: 264ms, application-code: 119ms)
 GET /login 200 in 92ms (next.js: 15ms, application-code: 78ms)
 GET /login 200 in 71ms (next.js: 12ms, application-code: 59ms)
 GET /login 200 in 91ms (next.js: 10ms, application-code: 81ms)
 GET /login 200 in 111ms (next.js: 11ms, application-code: 100ms)
 GET /login 200 in 102ms (next.js: 13ms, application-code: 89ms)
 GET /login 200 in 88ms (next.js: 12ms, application-code: 76ms)
 GET /login 200 in 80ms (next.js: 12ms, application-code: 68ms)
 GET /login 200 in 47ms (next.js: 10ms, application-code: 37ms)
 GET /login 200 in 68ms (next.js: 12ms, application-code: 56ms)
 GET /login 200 in 62ms (next.js: 10ms, application-code: 52ms)
 GET /login 200 in 60ms (next.js: 9ms, application-code: 51ms)
 GET /login 200 in 66ms (next.js: 8ms, application-code: 58ms)
 GET /login 200 in 106ms (next.js: 10ms, application-code: 97ms)
 GET /login 200 in 108ms (next.js: 46ms, application-code: 62ms)
 GET /login 200 in 78ms (next.js: 9ms, application-code: 69ms)
 GET /login 200 in 76ms (next.js: 10ms, application-code: 66ms)
 GET /login 200 in 73ms (next.js: 11ms, application-code: 62ms)
 GET /login 200 in 79ms (next.js: 12ms, application-code: 67ms)
 GET /login 200 in 97ms (next.js: 9ms, application-code: 88ms)
 GET /login 200 in 102ms (next.js: 12ms, application-code: 90ms)
 GET /login 200 in 91ms (next.js: 13ms, application-code: 78ms)
 GET /login 200 in 75ms (next.js: 11ms, application-code: 64ms)
 GET /login 200 in 34ms (next.js: 7ms, application-code: 27ms)
